###############################################################################
#
# IAR ELF Linker V9.20.2.320/W64 for ARM                  25/Nov/2021  16:06:40
# Copyright 2007-2021 IAR Systems AB.
#
#    Output file  =
#        C:\Users\Alex\Documents\Projects\lp053\EWARM\l053\Exe\l053.out
#    Map file     =
#        C:\Users\Alex\Documents\Projects\lp053\EWARM\l053\List\l053.map
#    Command line =
#        -f C:\Users\Alex\Documents\Projects\lp053\EWARM\l053\Exe\l053.out.rsp
#        (C:\Users\Alex\Documents\Projects\lp053\EWARM\l053\Obj\Application\User\gpio.o
#        C:\Users\Alex\Documents\Projects\lp053\EWARM\l053\Obj\Application\User\main.o
#        C:\Users\Alex\Documents\Projects\lp053\EWARM\l053\Obj\Application\EWARM\startup_stm32l053xx.o
#        C:\Users\Alex\Documents\Projects\lp053\EWARM\l053\Obj\Drivers\STM32L0xx_HAL_Driver\stm32l0xx_hal.o
#        C:\Users\Alex\Documents\Projects\lp053\EWARM\l053\Obj\Drivers\STM32L0xx_HAL_Driver\stm32l0xx_hal_cortex.o
#        C:\Users\Alex\Documents\Projects\lp053\EWARM\l053\Obj\Drivers\STM32L0xx_HAL_Driver\stm32l0xx_hal_dma.o
#        C:\Users\Alex\Documents\Projects\lp053\EWARM\l053\Obj\Drivers\STM32L0xx_HAL_Driver\stm32l0xx_hal_flash.o
#        C:\Users\Alex\Documents\Projects\lp053\EWARM\l053\Obj\Drivers\STM32L0xx_HAL_Driver\stm32l0xx_hal_flash_ex.o
#        C:\Users\Alex\Documents\Projects\lp053\EWARM\l053\Obj\Drivers\STM32L0xx_HAL_Driver\stm32l0xx_hal_flash_ramfunc.o
#        C:\Users\Alex\Documents\Projects\lp053\EWARM\l053\Obj\Drivers\STM32L0xx_HAL_Driver\stm32l0xx_hal_gpio.o
#        C:\Users\Alex\Documents\Projects\lp053\EWARM\l053\Obj\Drivers\STM32L0xx_HAL_Driver\stm32l0xx_hal_i2c.o
#        C:\Users\Alex\Documents\Projects\lp053\EWARM\l053\Obj\Drivers\STM32L0xx_HAL_Driver\stm32l0xx_hal_i2c_ex.o
#        C:\Users\Alex\Documents\Projects\lp053\EWARM\l053\Obj\Application\User\stm32l0xx_hal_msp.o
#        C:\Users\Alex\Documents\Projects\lp053\EWARM\l053\Obj\Drivers\STM32L0xx_HAL_Driver\stm32l0xx_hal_pwr.o
#        C:\Users\Alex\Documents\Projects\lp053\EWARM\l053\Obj\Drivers\STM32L0xx_HAL_Driver\stm32l0xx_hal_pwr_ex.o
#        C:\Users\Alex\Documents\Projects\lp053\EWARM\l053\Obj\Drivers\STM32L0xx_HAL_Driver\stm32l0xx_hal_rcc.o
#        C:\Users\Alex\Documents\Projects\lp053\EWARM\l053\Obj\Drivers\STM32L0xx_HAL_Driver\stm32l0xx_hal_rcc_ex.o
#        C:\Users\Alex\Documents\Projects\lp053\EWARM\l053\Obj\Drivers\STM32L0xx_HAL_Driver\stm32l0xx_hal_tim.o
#        C:\Users\Alex\Documents\Projects\lp053\EWARM\l053\Obj\Drivers\STM32L0xx_HAL_Driver\stm32l0xx_hal_tim_ex.o
#        C:\Users\Alex\Documents\Projects\lp053\EWARM\l053\Obj\Application\User\stm32l0xx_hal_timebase_tim.o
#        C:\Users\Alex\Documents\Projects\lp053\EWARM\l053\Obj\Drivers\STM32L0xx_HAL_Driver\stm32l0xx_hal_uart.o
#        C:\Users\Alex\Documents\Projects\lp053\EWARM\l053\Obj\Drivers\STM32L0xx_HAL_Driver\stm32l0xx_hal_uart_ex.o
#        C:\Users\Alex\Documents\Projects\lp053\EWARM\l053\Obj\Application\User\stm32l0xx_it.o
#        C:\Users\Alex\Documents\Projects\lp053\EWARM\l053\Obj\Drivers\CMSIS\system_stm32l0xx.o
#        C:\Users\Alex\Documents\Projects\lp053\EWARM\l053\Obj\Application\User\tim.o
#        C:\Users\Alex\Documents\Projects\lp053\EWARM\l053\Obj\Application\User\timirq.o
#        C:\Users\Alex\Documents\Projects\lp053\EWARM\l053\Obj\Application\User\usart.o
#        --redirect _Printf=_PrintfFull --redirect _Scanf=_ScanfFull
#        --no_out_extension -o
#        C:\Users\Alex\Documents\Projects\lp053\EWARM\l053\Exe\l053.out --map
#        C:\Users\Alex\Documents\Projects\lp053\EWARM\l053\List\l053.map
#        --config
#        C:\Users\Alex\Documents\Projects\lp053\EWARM/stm32l053xx_flash.icf
#        --semihosting --entry __iar_program_start --vfe --text_out locale)
#
###############################################################################

*******************************************************************************
*** RUNTIME MODEL ATTRIBUTES
***

CppFlavor       = *
__CPP_Runtime   = 1
__SystemLibrary = DLib
__dlib_version  = 6


*******************************************************************************
*** HEAP SELECTION
***

The basic heap was selected because no calls to memory allocation
functions were found in the application outside of system library
functions, and there are calls to deallocation functions in the
application.


*******************************************************************************
*** PLACEMENT SUMMARY
***

"A0":  place at address 0x800'0000 { ro section .intvec };
"P1":  place in [from 0x800'0000 to 0x800'ffff] { ro };
define block CSTACK with size = 1K, alignment = 8 { };
define block HEAP with size = 512, alignment = 8 { };
"P2":  place in [from 0x2000'0000 to 0x2000'1fff] {
          rw, block CSTACK, block HEAP };
initialize by copy { rw };

  Section            Kind         Address    Size  Object
  -------            ----         -------    ----  ------
"A0":                                        0xc0
  .intvec            ro code   0x800'0000    0xc0  startup_stm32l053xx.o [1]
                             - 0x800'00c0    0xc0

"P1":                                      0x1c5d
  .text              ro code   0x800'00c0   0x6e8  stm32l0xx_hal_rcc.o [4]
  .text              ro code   0x800'07a8    0x70  stm32l0xx_hal_timebase_tim.o [2]
  .text              ro code   0x800'0818     0xc  stm32l0xx_hal.o [4]
  .text              ro code   0x800'0824    0x36  I32DivMod.o [6]
  .text              ro code   0x800'085a    0x3e  packbits_init_single.o [6]
  .text              ro code   0x800'0898    0x5c  stm32l0xx_hal_cortex.o [4]
  .text              ro code   0x800'08f4   0x55e  stm32l0xx_hal_tim.o [4]
  .text              ro code   0x800'0e52     0x2  startup_stm32l053xx.o [1]
  .text              ro code   0x800'0e54     0x2  IntDivZer.o [6]
  .text              ro code   0x800'0e56     0x2  startup_stm32l053xx.o [1]
  .text              ro code   0x800'0e58   0x138  tim.o [2]
  .text              ro code   0x800'0f90     0x2  stm32l0xx_hal_tim.o [4]
  .text              ro code   0x800'0f92     0x2  stm32l0xx_hal_tim.o [4]
  .text              ro code   0x800'0f94     0x2  stm32l0xx_hal_tim.o [4]
  .text              ro code   0x800'0f96     0x2  stm32l0xx_hal_tim.o [4]
  .text              ro code   0x800'0f98    0xc2  main.o [2]
  .text              ro code   0x800'105a     0x2  stm32l0xx_hal_tim.o [4]
  .text              ro code   0x800'105c    0x14  memset.o [6]
  .text              ro code   0x800'1070    0x42  stm32l0xx_hal_tim_ex.o [4]
  .text              ro code   0x800'10b2     0x2  startup_stm32l053xx.o [1]
  .text              ro code   0x800'10b4   0x1b0  stm32l0xx_hal_gpio.o [4]
  .text              ro code   0x800'1264    0x28  stm32l0xx_hal.o [4]
  .text              ro code   0x800'128c    0x6c  gpio.o [2]
  .text              ro code   0x800'12f8    0x94  usart.o [2]
  .text              ro code   0x800'138c    0x88  timirq.o [2]
  .text              ro code   0x800'1414   0x1c4  stm32l0xx_hal_rcc_ex.o [4]
  .text              ro code   0x800'15d8    0x10  stm32l0xx_hal.o [4]
  .text              ro code   0x800'15e8    0x4e  ABImemset.o [6]
  .text              ro code   0x800'1636     0x2  startup_stm32l053xx.o [1]
  .text              ro code   0x800'1638    0x2c  stm32l0xx_hal_msp.o [2]
  .text              ro code   0x800'1664   0x468  stm32l0xx_hal_uart.o [4]
  .text              ro code   0x800'1acc    0x7c  I64DivMod.o [6]
  .text              ro code   0x800'1b48     0x2  I64DivZer.o [6]
  .text              ro code   0x800'1b4a     0x2  startup_stm32l053xx.o [1]
  .text              ro code   0x800'1b4c    0x74  system_stm32l0xx.o [3]
  .text              ro code   0x800'1bc0    0x3c  zero_init3.o [6]
  .text              ro code   0x800'1bfc    0x28  stm32l0xx_it.o [2]
  .text              ro code   0x800'1c24    0x28  data_init.o [6]
  .iar.init_table    const     0x800'1c4c    0x20  - Linker created -
  .text              ro code   0x800'1c6c    0x1e  cmain.o [6]
  .text              ro code   0x800'1c8a     0x4  low_level_init.o [5]
  .text              ro code   0x800'1c8e     0x8  exit.o [5]
  .text              ro code   0x800'1c96     0x2  startup_stm32l053xx.o [1]
  .text              ro code   0x800'1c98     0xa  cexit.o [6]
  .text              ro code   0x800'1ca2     0x2  startup_stm32l053xx.o [1]
  .text              ro code   0x800'1ca4    0x14  exit.o [7]
  .text              ro code   0x800'1cb8    0x1c  cstartup_M.o [6]
  .text              ro code   0x800'1cd4    0x10  startup_stm32l053xx.o [1]
  .rodata            const     0x800'1ce4     0x8  system_stm32l0xx.o [3]
  .text              ro code   0x800'1cec     0x2  startup_stm32l053xx.o [1]
  .text              ro code   0x800'1cee     0x2  startup_stm32l053xx.o [1]
  .text              ro code   0x800'1cf0     0x2  startup_stm32l053xx.o [1]
  .text              ro code   0x800'1cf2     0x2  startup_stm32l053xx.o [1]
  .text              ro code   0x800'1cf4     0x2  startup_stm32l053xx.o [1]
  .text              ro code   0x800'1cf6     0x2  startup_stm32l053xx.o [1]
  .text              ro code   0x800'1cf8     0x2  startup_stm32l053xx.o [1]
  .text              ro code   0x800'1cfa     0x2  startup_stm32l053xx.o [1]
  .text              ro code   0x800'1cfc     0x2  startup_stm32l053xx.o [1]
  .text              ro code   0x800'1cfe     0x2  startup_stm32l053xx.o [1]
  .text              ro code   0x800'1d00     0x2  startup_stm32l053xx.o [1]
  .text              ro code   0x800'1d02     0x2  startup_stm32l053xx.o [1]
  .text              ro code   0x800'1d04     0x2  startup_stm32l053xx.o [1]
  .text              ro code   0x800'1d06     0x2  startup_stm32l053xx.o [1]
  .text              ro code   0x800'1d08     0x2  startup_stm32l053xx.o [1]
  .text              ro code   0x800'1d0a     0x2  startup_stm32l053xx.o [1]
  .text              ro code   0x800'1d0c     0x2  startup_stm32l053xx.o [1]
  .rodata            const     0x800'1d0e     0x0  zero_init3.o [6]
  .rodata            const     0x800'1d0e     0x0  packbits_init_single.o [6]
  Initializer bytes  const     0x800'1d0e     0xf  <for P2-1>
                             - 0x800'1d1d  0x1c5d

"P2", part 1 of 3:                           0x24
  P2-1                        0x2000'0000    0x24  <Init block>
    .data            inited   0x2000'0000     0xc  stm32l0xx_hal.o [4]
    .data            inited   0x2000'000c     0x4  system_stm32l0xx.o [3]
    .data            inited   0x2000'0010    0x14  timirq.o [2]
                            - 0x2000'0024    0x24

"P2", part 2 of 3:                           0xf8
  .bss               zero     0x2000'0024    0x80  usart.o [2]
  .bss               zero     0x2000'00a4    0x3c  stm32l0xx_hal_timebase_tim.o [2]
  .bss               zero     0x2000'00e0    0x3c  tim.o [2]
                            - 0x2000'011c    0xf8

"P2", part 3 of 3:                          0x400
  CSTACK                      0x2000'0120   0x400  <Block>
    CSTACK           uninit   0x2000'0120   0x400  <Block tail>
                            - 0x2000'0520   0x400

Unused ranges:

         From           To    Size
         ----           --    ----
   0x800'1d1d   0x800'ffff  0xe2e3
  0x2000'011c  0x2000'011f     0x4
  0x2000'0520  0x2000'1fff  0x1ae0


*******************************************************************************
*** INIT TABLE
***

          Address      Size
          -------      ----
Zero (__iar_zero_init3)
    1 destination range, total size 0xf8:
          0x2000'0024  0xf8

Copy/packbits (__iar_packbits_init_single3)
    1 source range, total size 0xf (41% of destination):
           0x800'1d0e   0xf
    1 destination range, total size 0x24:
          0x2000'0000  0x24



*******************************************************************************
*** MODULE SUMMARY
***

    Module                        ro code  ro data  rw data
    ------                        -------  -------  -------
command line/config:
    -------------------------------------------------------
    Total:

C:\Users\Alex\Documents\Projects\lp053\EWARM\l053\Obj\Application\EWARM: [1]
    startup_stm32l053xx.o             256
    -------------------------------------------------------
    Total:                            256

C:\Users\Alex\Documents\Projects\lp053\EWARM\l053\Obj\Application\User: [2]
    gpio.o                            108
    main.o                            194
    stm32l0xx_hal_msp.o                44
    stm32l0xx_hal_timebase_tim.o      112                60
    stm32l0xx_it.o                     40
    tim.o                             312                60
    timirq.o                          136        9       20
    usart.o                           148               128
    -------------------------------------------------------
    Total:                          1'094        9      268

C:\Users\Alex\Documents\Projects\lp053\EWARM\l053\Obj\Drivers\CMSIS: [3]
    system_stm32l0xx.o                116        9        4
    -------------------------------------------------------
    Total:                            116        9        4

C:\Users\Alex\Documents\Projects\lp053\EWARM\l053\Obj\Drivers\STM32L0xx_HAL_Driver: [4]
    stm32l0xx_hal.o                    68        5       12
    stm32l0xx_hal_cortex.o             92
    stm32l0xx_hal_gpio.o              432
    stm32l0xx_hal_rcc.o             1'768
    stm32l0xx_hal_rcc_ex.o            452
    stm32l0xx_hal_tim.o             1'384
    stm32l0xx_hal_tim_ex.o             66
    stm32l0xx_hal_uart.o            1'128
    -------------------------------------------------------
    Total:                          5'390        5       12

dl6M_tlf.a: [5]
    exit.o                              8
    low_level_init.o                    4
    -------------------------------------------------------
    Total:                             12

rt6M_tl.a: [6]
    ABImemset.o                        78
    I32DivMod.o                        54
    I64DivMod.o                       124
    I64DivZer.o                         2
    IntDivZer.o                         2
    cexit.o                            10
    cmain.o                            30
    cstartup_M.o                       28
    data_init.o                        40
    memset.o                           20
    packbits_init_single.o             62
    zero_init3.o                       60
    -------------------------------------------------------
    Total:                            510

shb_l.a: [7]
    exit.o                             20
    -------------------------------------------------------
    Total:                             20

    Linker created                              32    1'024
-----------------------------------------------------------
    Grand Total:                    7'398       55    1'308


*******************************************************************************
*** ENTRY LIST
***

Entry                       Address   Size  Type      Object
-----                       -------   ----  ----      ------
.iar.init_table$$Base    0x800'1c4c          --   Gb  - Linker created -
.iar.init_table$$Limit   0x800'1c6c          --   Gb  - Linker created -
?main                    0x800'1c6d         Code  Gb  cmain.o [6]
AHBPrescTable            0x800'1ba4   0x10  Data  Gb  system_stm32l0xx.o [3]
APBPrescTable            0x800'1ce4    0x8  Data  Gb  system_stm32l0xx.o [3]
CSTACK$$Base            0x2000'0120          --   Gb  - Linker created -
CSTACK$$Limit           0x2000'0520          --   Gb  - Linker created -
Error_Handler            0x800'1059    0x2  Code  Gb  main.o [2]
HAL_GPIO_Init            0x800'10b5  0x176  Code  Gb  stm32l0xx_hal_gpio.o [4]
HAL_GPIO_TogglePin       0x800'1237   0x10  Code  Gb  stm32l0xx_hal_gpio.o [4]
HAL_GPIO_WritePin        0x800'122b    0xc  Code  Gb  stm32l0xx_hal_gpio.o [4]
HAL_GetTick              0x800'0819    0xc  Code  Wk  stm32l0xx_hal.o [4]
HAL_IncTick              0x800'15d9   0x10  Code  Wk  stm32l0xx_hal.o [4]
HAL_Init                 0x800'1265   0x24  Code  Gb  stm32l0xx_hal.o [4]
HAL_InitTick             0x800'07a9   0x5c  Code  Gb  stm32l0xx_hal_timebase_tim.o [2]
HAL_MspInit              0x800'1639   0x2c  Code  Gb  stm32l0xx_hal_msp.o [2]
HAL_NVIC_EnableIRQ       0x800'08db    0xe  Code  Gb  stm32l0xx_hal_cortex.o [4]
HAL_NVIC_SetPriority     0x800'08d3    0x8  Code  Gb  stm32l0xx_hal_cortex.o [4]
HAL_RCCEx_PeriphCLKConfig
                         0x800'1415  0x196  Code  Gb  stm32l0xx_hal_rcc_ex.o [4]
HAL_RCC_ClockConfig      0x800'0545  0x156  Code  Gb  stm32l0xx_hal_rcc.o [4]
HAL_RCC_GetClockConfig   0x800'0749   0x36  Code  Gb  stm32l0xx_hal_rcc.o [4]
HAL_RCC_GetPCLK1Freq     0x800'0719    0xe  Code  Gb  stm32l0xx_hal_rcc.o [4]
HAL_RCC_GetPCLK2Freq     0x800'072d    0xc  Code  Gb  stm32l0xx_hal_rcc.o [4]
HAL_RCC_GetSysClockFreq
                         0x800'06ad   0x6c  Code  Gb  stm32l0xx_hal_rcc.o [4]
HAL_RCC_OscConfig        0x800'00c1  0x472  Code  Gb  stm32l0xx_hal_rcc.o [4]
HAL_TIMEx_MasterConfigSynchronization
                         0x800'1071   0x42  Code  Gb  stm32l0xx_hal_tim_ex.o [4]
HAL_TIM_Base_Init        0x800'08f5   0x2c  Code  Gb  stm32l0xx_hal_tim.o [4]
HAL_TIM_Base_MspInit     0x800'0eff   0x28  Code  Gb  tim.o [2]
HAL_TIM_Base_Start_IT    0x800'0921   0x1e  Code  Gb  stm32l0xx_hal_tim.o [4]
HAL_TIM_ConfigClockSource
                         0x800'0bd9   0xb0  Code  Gb  stm32l0xx_hal_tim.o [4]
HAL_TIM_IRQHandler       0x800'09ef  0x11a  Code  Gb  stm32l0xx_hal_tim.o [4]
HAL_TIM_MspPostInit      0x800'0f27   0x58  Code  Gb  tim.o [2]
HAL_TIM_PWM_ConfigChannel
                         0x800'0b09   0xcc  Code  Gb  stm32l0xx_hal_tim.o [4]
HAL_TIM_PWM_Init         0x800'093f   0x2c  Code  Gb  stm32l0xx_hal_tim.o [4]
HAL_TIM_PWM_Start        0x800'096b    0x6  Code  Gb  stm32l0xx_hal_tim.o [4]
HAL_TIM_PeriodElapsedCallback
                         0x800'1029   0x1e  Code  Gb  main.o [2]
HAL_UART_Init            0x800'1665   0x56  Code  Gb  stm32l0xx_hal_uart.o [4]
HAL_UART_MspInit         0x800'1329   0x58  Code  Gb  usart.o [2]
HardFault_Handler        0x800'1bff    0x2  Code  Gb  stm32l0xx_it.o [2]
MX_GPIO_Init             0x800'128d   0x6c  Code  Gb  gpio.o [2]
MX_TIM21_Init            0x800'0e59   0xa6  Code  Gb  tim.o [2]
MX_USART1_UART_Init      0x800'12f9   0x30  Code  Gb  usart.o [2]
NMI_Handler              0x800'1bfd    0x2  Code  Gb  stm32l0xx_it.o [2]
NVIC_SetPriority         0x800'0899   0x3a  Code  Lc  stm32l0xx_hal_cortex.o [4]
PLLMulTable              0x800'1bb4    0xc  Data  Gb  system_stm32l0xx.o [3]
PendSV_Handler           0x800'1c03    0x2  Code  Gb  stm32l0xx_it.o [2]
RCC_CRS_IRQHandler       0x800'1c07    0x2  Code  Gb  stm32l0xx_it.o [2]
Region$$Table$$Base      0x800'1c4c          --   Gb  - Linker created -
Region$$Table$$Limit     0x800'1c6c          --   Gb  - Linker created -
SVC_Handler              0x800'1c01    0x2  Code  Gb  stm32l0xx_it.o [2]
SysTick_Handler          0x800'1c05    0x2  Code  Gb  stm32l0xx_it.o [2]
SystemClock_Config       0x800'0fb5   0x74  Code  Gb  main.o [2]
SystemCoreClock         0x2000'000c    0x4  Data  Gb  system_stm32l0xx.o [3]
SystemInit               0x800'1b4d   0x40  Code  Gb  system_stm32l0xx.o [3]
TIM21IRQ                 0x800'138d   0x50  Code  Gb  timirq.o [2]
TIM21IRQ::periodicValue
                        0x2000'0018    0x4  Data  Lc  timirq.o [2]
TIM21IRQ::printDutyCounter
                        0x2000'0020    0x4  Data  Lc  timirq.o [2]
TIM21IRQ::ticksToPeriodic
                        0x2000'001c    0x4  Data  Lc  timirq.o [2]
TIM21_IRQHandler         0x800'1c13    0xa  Code  Gb  stm32l0xx_it.o [2]
TIM6_DAC_IRQHandler      0x800'1c09    0xa  Code  Gb  stm32l0xx_it.o [2]
TIM_Base_SetConfig       0x800'0c99   0x4e  Code  Lc  stm32l0xx_hal_tim.o [4]
TIM_CCxChannelCmd        0x800'0e39   0x1a  Code  Lc  stm32l0xx_hal_tim.o [4]
TIM_ETR_SetConfig        0x800'0df9   0x14  Code  Lc  stm32l0xx_hal_tim.o [4]
TIM_ITRx_SetConfig       0x800'0de9   0x10  Code  Lc  stm32l0xx_hal_tim.o [4]
TIM_OC1_SetConfig        0x800'0ce7   0x2c  Code  Lc  stm32l0xx_hal_tim.o [4]
TIM_OC2_SetConfig        0x800'0d13   0x30  Code  Lc  stm32l0xx_hal_tim.o [4]
TIM_OC3_SetConfig        0x800'0d43   0x2e  Code  Lc  stm32l0xx_hal_tim.o [4]
TIM_OC4_SetConfig        0x800'0d71   0x30  Code  Lc  stm32l0xx_hal_tim.o [4]
TIM_TI1_ConfigInputStage
                         0x800'0da3   0x22  Code  Lc  stm32l0xx_hal_tim.o [4]
TIM_TI2_ConfigInputStage
                         0x800'0dc5   0x24  Code  Lc  stm32l0xx_hal_tim.o [4]
UART_AdvFeatureConfig    0x800'18f5   0xc8  Code  Gb  stm32l0xx_hal_uart.o [4]
UART_CheckIdleState      0x800'19c1   0x5e  Code  Gb  stm32l0xx_hal_uart.o [4]
UART_SetConfig           0x800'16d1  0x208  Code  Gb  stm32l0xx_hal_uart.o [4]
UART_WaitOnFlagUntilTimeout
                         0x800'1a1f   0x68  Code  Gb  stm32l0xx_hal_uart.o [4]
__aeabi_idiv0            0x800'0e55         Code  Gb  IntDivZer.o [6]
__aeabi_ldiv0            0x800'1b49         Code  Gb  I64DivZer.o [6]
__aeabi_memset           0x800'15e9         Code  Gb  ABImemset.o [6]
__aeabi_uldivmod         0x800'1acd         Code  Gb  I64DivMod.o [6]
__cmain                  0x800'1c6d         Code  Gb  cmain.o [6]
__exit                   0x800'1ca5   0x14  Code  Gb  exit.o [7]
__iar_Memset4_word       0x800'1609         Code  Gb  ABImemset.o [6]
__iar_Memset_word        0x800'15f5         Code  Gb  ABImemset.o [6]
__iar_data_init3         0x800'1c25   0x28  Code  Gb  data_init.o [6]
__iar_packbits_init_single3
                         0x800'085b   0x3e  Code  Gb  packbits_init_single.o [6]
__iar_program_start      0x800'1cb9         Code  Gb  cstartup_M.o [6]
__iar_small_uidiv        0x800'0825         Code  Gb  I32DivMod.o [6]
__iar_small_uidivmod     0x800'0825         Code  Gb  I32DivMod.o [6]
__iar_zero_init3         0x800'1bc1   0x3c  Code  Gb  zero_init3.o [6]
__low_level_init         0x800'1c8b    0x4  Code  Gb  low_level_init.o [5]
__vector_table           0x800'0000         Data  Gb  startup_stm32l053xx.o [1]
_call_main               0x800'1c79         Code  Gb  cmain.o [6]
_exit                    0x800'1c99         Code  Gb  cexit.o [6]
dutyCommand             0x2000'0010    0x4  Data  Gb  timirq.o [2]
exit                     0x800'1c8f    0x8  Code  Gb  exit.o [5]
htim21                  0x2000'00e0   0x3c  Data  Gb  tim.o [2]
htim6                   0x2000'00a4   0x3c  Data  Gb  stm32l0xx_hal_timebase_tim.o [2]
huart1                  0x2000'0024   0x80  Data  Gb  usart.o [2]
main                     0x800'0f99   0x1c  Code  Gb  main.o [2]
memset                   0x800'105d   0x14  Code  Gb  memset.o [6]
printDutyFlag           0x2000'0014    0x4  Data  Gb  timirq.o [2]
readPrint                0x800'13dd   0x20  Code  Gb  timirq.o [2]
uwTick                  0x2000'0004    0x4  Data  Gb  stm32l0xx_hal.o [4]
uwTickFreq              0x2000'0000    0x1  Data  Gb  stm32l0xx_hal.o [4]
uwTickPrio              0x2000'0008    0x4  Data  Gb  stm32l0xx_hal.o [4]


[1] = C:\Users\Alex\Documents\Projects\lp053\EWARM\l053\Obj\Application\EWARM
[2] = C:\Users\Alex\Documents\Projects\lp053\EWARM\l053\Obj\Application\User
[3] = C:\Users\Alex\Documents\Projects\lp053\EWARM\l053\Obj\Drivers\CMSIS
[4] = C:\Users\Alex\Documents\Projects\lp053\EWARM\l053\Obj\Drivers\STM32L0xx_HAL_Driver
[5] = dl6M_tlf.a
[6] = rt6M_tl.a
[7] = shb_l.a

  7'398 bytes of readonly  code memory
     55 bytes of readonly  data memory
  1'308 bytes of readwrite data memory

Errors: none
Warnings: none
